*Info*    Exporting services from client ... 

*Info*    Client has finished starting ... 



*Info*    Configuring the session ...

	Library      = PLL_SIEMENS
	Cell         = divider_tb
	View         = schematic
	Simulator    = spectre
	State Path   = $AXL_SETUPDB_DIR/test_states
	State Name   = PLL_SIEMENS:divider_tb:1_none_Interactive.85
	Results DB   = /home/cadence/Desktop/pll_siem/PLL_SIEMENS/divider_tb/adexl/results/data/Interactive.85.rdb
	Results Dir  = /home/cadence/simulation/PLL_SIEMENS/divider_tb/adexl/results/data/Interactive.85/1/PLL_SIEMENS:divider_tb:1
	Results Loc  = /home/cadence/simulation/PLL_SIEMENS/divider_tb/adexl/results/data
	Project Dir  = /home/cadence/simulation
	Setup DB loc = /home/cadence/Desktop/pll_siem/PLL_SIEMENS/divider_tb/adexl
	File Encoding = 0


*Info*    Spectre controlMode is set "batch".






*Info*    Run start for Point ID (85 1) on testbench [
          PLL_SIEMENS:divider_tb:1 ].

Resetting statistical vars

*Info*    Setting parameter values ...

Setting var L = ""
Setting var LN = "180n"
Setting var LP = "180n"
Setting var W = ""
Setting var WN = "1u"
Setting var WP = "2u"
Setting temp(T) = 27

*Info*    Netlist Directory =
          /home/cadence/simulation/PLL_SIEMENS/divider_tb/adexl/results/data/Interactive.85/1/PLL_SIEMENS:divider_tb:1/netlist


*Info*    Data Directory    =
          /home/cadence/simulation/PLL_SIEMENS/divider_tb/adexl/results/data/Interactive.85/1/PLL_SIEMENS:divider_tb:1


*Info*    Creating Netlist for Point ID (85 1)

generate netlist...
Begin Incremental Netlisting Sep 15 08:12:58 2024
End netlisting Sep 15 08:12:58 2024

Netlisting Statistics:
	Number of components:    2

	Elapsed time:          0.0s
Errors: 0	Warnings: 0
*Warning*	Additional design variables have been found during netlisting.
 		A value is necessary for successful simulation.
		To simulate, assign values to all design variables with 
		the Variables->Edit... menu, and use "Netlist and Run".
      ...successful.
compose simulator input file...
      ...successful.

*Info*    Running simulation on testbench [ PLL_SIEMENS:divider_tb:1
          ] for Point ID (85 1).

Delete psf data in /home/cadence/simulation/PLL_SIEMENS/divider_tb/adexl/results/data/Interactive.85/1/PLL_SIEMENS:divider_tb:1/psf.
compose simulator input file...
      ...successful.
start simulator if needed...
      ...successful.
simulate...
To view the simulator output, right-click on the test name, result 
name, or any value in the "Results" tab of the Outputs section and 
choose "Output Log" menu option.
INFO (ADE-3071): Simulation completed successfully.
reading simulation data...
      ...successful.
*Info*    Client has finished evaluating ... 


*Info*    Run complete for Point ID (85 1) on testbench [
          PLL_SIEMENS:divider_tb:1 ].





Simulation design variables differ from those on the cellView,
they have been saved in the file "/tmp/saved-design-variables".
To save future changes, copy variables to cellView before exiting.
