*Info*    Exporting services from client ... 

*Info*    Client has finished starting ... 



*Info*    Configuring the session ...

	Library      = PLL_SIEMENS
	Cell         = divider_tb
	View         = schematic
	Simulator    = spectre
	State Path   = $AXL_SETUPDB_DIR/test_states
	State Name   = PLL_SIEMENS:divider_tb:1_none_Interactive.21
	Results DB   = /home/cadence/Desktop/pll_siem/PLL_SIEMENS/divider_tb/adexl/results/data/Interactive.21.rdb
	Results Dir  = /home/cadence/simulation/PLL_SIEMENS/divider_tb/adexl/results/data/Interactive.21/1/PLL_SIEMENS:divider_tb:1
	Results Loc  = /home/cadence/simulation/PLL_SIEMENS/divider_tb/adexl/results/data
	Project Dir  = /home/cadence/simulation
	Setup DB loc = /home/cadence/Desktop/pll_siem/PLL_SIEMENS/divider_tb/adexl
	File Encoding = 0


*Info*    Spectre controlMode is set "batch".






*Info*    Run start for Point ID (21 1) on testbench [
          PLL_SIEMENS:divider_tb:1 ].

Resetting statistical vars

*Info*    Setting parameter values ...

Setting var L = ""
Setting var LN = "180n"
Setting var LP = "180n"
Setting var W = ""
Setting var WN = "5u"
Setting var WP = "10u"
Setting temp(T) = 27

*Info*    Netlist Directory =
          /home/cadence/simulation/PLL_SIEMENS/divider_tb/adexl/results/data/Interactive.21/1/PLL_SIEMENS:divider_tb:1/netlist


*Info*    Data Directory    =
          /home/cadence/simulation/PLL_SIEMENS/divider_tb/adexl/results/data/Interactive.21/1/PLL_SIEMENS:divider_tb:1


*Info*    Creating Netlist for Point ID (21 1)

generate netlist...
Begin Incremental Netlisting Sep 15 05:03:48 2024
WARNING (OSSHNL-226): There are more design variables used in the current netlisting session as
compared to the last session in the current run directory. The netlist(s)
generated in the last netlisting session cannot be reused for incremental
netlisting. Therefore re-netlisting the design.

End netlisting Sep 15 05:03:48 2024

Netlisting Statistics:
	Number of components:   20

	Elapsed time:          0.0s
Errors: 0	Warnings: 0
*Warning*	Additional design variables have been found during netlisting.
 		A value is necessary for successful simulation.
		To simulate, assign values to all design variables with 
		the Variables->Edit... menu, and use "Netlist and Run".
      ...successful.
compose simulator input file...
      ...successful.

*Info*    Running simulation on testbench [ PLL_SIEMENS:divider_tb:1
          ] for Point ID (21 1).

Delete psf data in /home/cadence/simulation/PLL_SIEMENS/divider_tb/adexl/results/data/Interactive.21/1/PLL_SIEMENS:divider_tb:1/psf.
compose simulator input file...
      ...successful.
start simulator if needed...
      ...successful.
simulate...
To view the simulator output, right-click on the test name, result 
name, or any value in the "Results" tab of the Outputs section and 
choose "Output Log" menu option.
INFO (ADE-3067): Errors encountered during simulation. For more information, right-click
        on a test name in the 'Results' tab of the Outputs pane and choose 'Output Log'
        to view the simulation run log.

*Error*   Error ID  = 5011
*Error*   Error Msg = Simulator failed to complete the simulation.

          Error found by spectre in `TG':`I6.I3.I6', in `FF':`I6.I3',
          in `divider':`I6', during hierarchy flattening.
Error found
          by spectre in `TG':`I6.I3.I6', in `FF':`I6.I3', in
          `divider':`I6', during hierarchy flattening.
ERROR
          (SFE-1997): "input.scs" 24: I6.I3.I6.M0: parameter `w': The
          parameter `W' is used but not set.
ERROR (SFE-1997):
          "input.scs" 24: I6.I3.I6.M0: parameter `l': The parameter
          `L' is used but not set.
ERROR (SFE-1997): "input.scs" 25:
          I6.I3.I6.M1: parameter `w': The parameter `W' is used but
          not set.
ERROR (SFE-1997): "input.scs" 25: I6.I3.I6.M1:
          parameter `l': The parameter `L' is used but not set.
Error
          found by spectre in `TG':`I6.I3.I4', in `FF':`I6.I3', in
          `divider':`I6', during hierarchy flattening.
Error found by
          spectre in `TG':`I6.I3.I4', in `FF':`I6.I3', in
          `divider':`I6', during hierarchy flattening.
ERROR
          (SFE-1997): "input.scs" 24: I6.I3.I4.M0: parameter `w': The
          parameter `W' is used but not set.
ERROR (SFE-1997):
          "input.scs" 24: I6.I3.I4.M0: parameter `l': The parameter
          `L' is used but not set.
ERROR (SFE-1997): "input.scs" 25:
          I6.I3.I4.M1: parameter `w': The parameter `W' is used but
          not set.
ERROR (SFE-1997): "input.scs" 25: I6.I3.I4.M1:
          parameter `l': The parameter `L' is used but not set.
Error
          found by spectre in `TG':`I6.I3.I2', in `FF':`I6.I3', in
          `divider':`I6', during hierarchy flattening.
Error found by
          spectre in `TG':`I6.I3.I2', in `FF':`I6.I3', in
          `divider':`I6', during hierarchy flattening.
ERROR
          (SFE-1997): "input.scs" 24: I6.I3.I2.M0: parameter `w': The
          parameter `W' is used but not set.
ERROR (SFE-1997):
          "input.scs" 24: I6.I3.I2.M0: parameter `l': The parameter
          `L' is used but not set.
ERROR (SFE-1997): "input.scs" 25:
          I6.I3.I2.M1: parameter `w': The parameter `W' is used but
          not set.
ERROR (SFE-1997): "input.scs" 25: I6.I3.I2.M1:
          parameter `l': The parameter `L' is used but not set.
Error
          found by spectre in `TG':`I6.I3.I1', in `FF':`I6.I3', in
          `divider':`I6', during hierarchy flattening.
Error found by
          spectre in `TG':`I6.I3.I1', in `FF':`I6.I3', in
          `divider':`I6', during hierarchy flattening.










*Info*    Run start for Point ID (21 1) on testbench [
          PLL_SIEMENS:divider_tb:1 ].

Resetting statistical vars

*Info*    Setting parameter values ...

Setting var L = ""
Setting var LN = "180n"
Setting var LP = "180n"
Setting var W = ""
Setting var WN = "5u"
Setting var WP = "10u"
Setting temp(T) = 27

*Info*    Netlist Directory =
          /home/cadence/simulation/PLL_SIEMENS/divider_tb/adexl/results/data/Interactive.21/1/PLL_SIEMENS:divider_tb:1/netlist


*Info*    Data Directory    =
          /home/cadence/simulation/PLL_SIEMENS/divider_tb/adexl/results/data/Interactive.21/1/PLL_SIEMENS:divider_tb:1


*Info*    Creating Netlist for Point ID (21 1)

generate netlist...
Begin Incremental Netlisting Sep 15 05:03:49 2024
End netlisting Sep 15 05:03:49 2024

	The netlist is up to date.
	Time taken to compare the design with netlist:   0.0s
*Warning*	Additional design variables have been found during netlisting.
 		A value is necessary for successful simulation.
		To simulate, assign values to all design variables with 
		the Variables->Edit... menu, and use "Netlist and Run".
      ...successful.
compose simulator input file...
      ...successful.

*Info*    Running simulation on testbench [ PLL_SIEMENS:divider_tb:1
          ] for Point ID (21 1).

Delete psf data in /home/cadence/simulation/PLL_SIEMENS/divider_tb/adexl/results/data/Interactive.21/1/PLL_SIEMENS:divider_tb:1/psf.
compose simulator input file...
      ...successful.
start simulator if needed...
      ...successful.
simulate...
To view the simulator output, right-click on the test name, result 
name, or any value in the "Results" tab of the Outputs section and 
choose "Output Log" menu option.
INFO (ADE-3067): Errors encountered during simulation. For more information, right-click
        on a test name in the 'Results' tab of the Outputs pane and choose 'Output Log'
        to view the simulation run log.

*Error*   Error ID  = 5011
*Error*   Error Msg = Simulator failed to complete the simulation.

          Error found by spectre in `TG':`I6.I3.I6', in `FF':`I6.I3',
          in `divider':`I6', during hierarchy flattening.
Error found
          by spectre in `TG':`I6.I3.I6', in `FF':`I6.I3', in
          `divider':`I6', during hierarchy flattening.
ERROR
          (SFE-1997): "input.scs" 24: I6.I3.I6.M0: parameter `w': The
          parameter `W' is used but not set.
ERROR (SFE-1997):
          "input.scs" 24: I6.I3.I6.M0: parameter `l': The parameter
          `L' is used but not set.
ERROR (SFE-1997): "input.scs" 25:
          I6.I3.I6.M1: parameter `w': The parameter `W' is used but
          not set.
ERROR (SFE-1997): "input.scs" 25: I6.I3.I6.M1:
          parameter `l': The parameter `L' is used but not set.
Error
          found by spectre in `TG':`I6.I3.I4', in `FF':`I6.I3', in
          `divider':`I6', during hierarchy flattening.
Error found by
          spectre in `TG':`I6.I3.I4', in `FF':`I6.I3', in
          `divider':`I6', during hierarchy flattening.
ERROR
          (SFE-1997): "input.scs" 24: I6.I3.I4.M0: parameter `w': The
          parameter `W' is used but not set.
ERROR (SFE-1997):
          "input.scs" 24: I6.I3.I4.M0: parameter `l': The parameter
          `L' is used but not set.
ERROR (SFE-1997): "input.scs" 25:
          I6.I3.I4.M1: parameter `w': The parameter `W' is used but
          not set.
ERROR (SFE-1997): "input.scs" 25: I6.I3.I4.M1:
          parameter `l': The parameter `L' is used but not set.
Error
          found by spectre in `TG':`I6.I3.I2', in `FF':`I6.I3', in
          `divider':`I6', during hierarchy flattening.
Error found by
          spectre in `TG':`I6.I3.I2', in `FF':`I6.I3', in
          `divider':`I6', during hierarchy flattening.
ERROR
          (SFE-1997): "input.scs" 24: I6.I3.I2.M0: parameter `w': The
          parameter `W' is used but not set.
ERROR (SFE-1997):
          "input.scs" 24: I6.I3.I2.M0: parameter `l': The parameter
          `L' is used but not set.
ERROR (SFE-1997): "input.scs" 25:
          I6.I3.I2.M1: parameter `w': The parameter `W' is used but
          not set.
ERROR (SFE-1997): "input.scs" 25: I6.I3.I2.M1:
          parameter `l': The parameter `L' is used but not set.
Error
          found by spectre in `TG':`I6.I3.I1', in `FF':`I6.I3', in
          `divider':`I6', during hierarchy flattening.
Error found by
          spectre in `TG':`I6.I3.I1', in `FF':`I6.I3', in
          `divider':`I6', during hierarchy flattening.





Simulation design variables differ from those on the cellView,
they have been saved in the file "/tmp/saved-design-variables".
To save future changes, copy variables to cellView before exiting.
