LTspice 24.0.12 for Windows
Circuit: NMOS testbench
Start Time: Wed Aug  7 00:28:58 2024
solver = Normal
Maximum thread count: 12



Instance "m1": Length shorter than recommended for a level 1 MOSFET.
Instance "m1": Width narrower than recommended for a level 1 MOSFET.
.step vgs=0
.OP point found by inspection.



.step vgs=0.1



.step vgs=0.2



.step vgs=0.3



.step vgs=0.4



.step vgs=0.5



.step vgs=0.6



.step vgs=0.7



.step vgs=0.8



.step vgs=0.9



.step vgs=1



.step vgs=1.1



.step vgs=1.2



.step vgs=1.3



.step vgs=1.4



.step vgs=1.5



.step vgs=1.6



.step vgs=1.7
tnom = 27
temp = 27
method = modified trap
.step vgs=1.8
Total elapsed time: 0.745 seconds.

